
============================================================
  Apollo.io People Search - Keyword Search
  Input          : ['baseball equipment distributor']
  Titles         : ['Buyer', 'Purchasing Manager', 'Procurement Manager', 'Sourcing Manager']
  Locations      : []
  Employee Range : Any
  Min Relevance  : 0
  Max Results    : 100
  Max Enrich     : 10
  Output         : apollo_debug_test6.csv
============================================================

PROGRESS: 5
[Apollo] Fetching page 1...
    [Apollo DEBUG] people_search first person keys=['id', 'first_name', 'last_name_obfuscated', 'title', 'last_refreshed_at', 'has_email', 'has_city', 'has_state', 'has_country', 'has_direct_phone', 'organization']
    [Apollo DEBUG] people_search first person has id=True, has email=False
    [Apollo DEBUG] people_search first org keys=['name', 'has_industry', 'has_phone', 'has_city', 'has_state', 'has_country', 'has_zip_code', 'has_revenue', 'has_employee_count']
  Page 1: got 100 contacts (total 100)

[Apollo] Total contacts fetched: 100
PROGRESS: 15

[Apollo] Coarse pre-filter: 10 to enrich (max 10), 90 skipped
  [Apollo] Starting bulk /people/bulk_match enrichment...
    [Apollo DEBUG] _bulk_enrich_people called with 10 people
    [Apollo DEBUG] indexed 10 people with ids
    [Apollo DEBUG] _enrich_chunk called with 10 people
    [Apollo DEBUG] bulk_match chunk size=10 status=422
    [Apollo DEBUG] bulk_match non-200 body: {"error":"You have insufficient credits! \u003ca href='https://app.apollo.io/#/settings/plans/upgrade' aria-onclick='close_alert'\u003eUpgrade your plan\u003c/a\u003e to increase your number of lead credits."}
    [Apollo] Bulk match returned 422, falling back to single /people/match
  [Apollo] Bulk enriched 0/10 contacts
PROGRESS: 25

[Stage 2/4] Resolving domains for 100 contacts (parallel)...
PROGRESS: 30
PROGRESS: 35
PROGRESS: 40
PROGRESS: 45
    [Website resolve] DDGS failed for 'Greco and Sons, Inc.': ('error sending request for url (https://html.duckduckgo.com/html/)', 'https://html.duckduckgo.com/html/')
PROGRESS: 50
  Resolved: 83 domains, skipped: 17
PROGRESS: 40

[Stage 2.5/4] Scoring relevance for 83 contacts (min=0)...
    [Filter] -'Capitol Distributing' (score -25)
    [Filter] -'George Courey Inc.' (score -25)
    [Filter] -'LKQ Europe' (score -25)
    [Filter] -'MacStation - Apple Premium Reseller' (score -25)
    [Filter] -'TEK Seating Ltd' (score -25)
  Kept: 24, Filtered out: 59
PROGRESS: 42

[Stage 3/4] Hunter enrichment for missing emails (parallel)...
PROGRESS: 46
PROGRESS: 53
PROGRESS: 60
PROGRESS: 66
PROGRESS: 70
  Hunter email-finder enriched: 0/0
  Hunter domain-search fallback: 13/18 domains (17 contacts)
PROGRESS: 75

[Stage 4/4] Building leads...
  [Apollo] 6 contacts had has_email=True but no exposed email address
  [Apollo] Skipped 1 contacts with no real email/phone (keep_no_email=False)
  Built 18 leads
PROGRESS: 85

[Apollo] Total unique leads: 14
PROGRESS: 95

[OK] Exported 14 leads to: apollo_debug_test6.csv
PROGRESS: 100

============================================================
  SUMMARY
============================================================
  Keyword          : Apollo People Search
  Domains searched : 13
  Unique leads     : 14
  No-email leads   : 4 (kept without email)
  Personal emails  : 10
  High confidence  : 9
============================================================

